#domain
  %s == "donuts.systems"

#domain_id
  %s == "c73f4743486e4a1d8cb725fe0b0d26d7-DONUTS"


#status
  %s == :registered

#available?
  %s == false

#registered?
  %s == true


#created_on
  %s %CLASS{time}
  %s %TIME{2014-02-28 17:19:53 GMT}

#updated_on
  %s %CLASS{time}
  %s %TIME{2018-02-07 18:00:53 GMT}

#expires_on
  %s %CLASS{time}
  %s %TIME{2024-02-28 17:19:53 GMT}


#registrar
  %s %CLASS{registrar}
  %s.id           == "9998"
  %s.name         == "Donuts Internal (9998)"
  %s.url          == "https://identity.digital"

#registrant_contacts
  %s %CLASS{array}
  %s %SIZE{1}
  %s[0] %CLASS{contact}
  %s[0].type          == Whois::Parser::Contact::TYPE_REGISTRANT
  %s[0].id            == "REDACTED FOR PRIVACY"
  %s[0].name          == "REDACTED FOR PRIVACY"
  %s[0].organization  == "Donuts Inc."
  %s[0].address       == "REDACTED FOR PRIVACY"
  %s[0].city          == "REDACTED FOR PRIVACY"
  %s[0].zip           == "REDACTED FOR PRIVACY"
  %s[0].state         == "WA"
  %s[0].country_code  == "US"
  %s[0].phone         == "REDACTED FOR PRIVACY ext: REDACTED FOR PRIVACY"
  %s[0].fax           == "REDACTED FOR PRIVACY ext: REDACTED FOR PRIVACY"
  %s[0].email         == "Please query the RDDS service of the Registrar of Record identified in this output for information on how to contact the Registrant, Admin, or Tech contact of the queried domain name."

#admin_contacts
  %s %CLASS{array}
  %s %SIZE{1}
  %s[0] %CLASS{contact}
  %s[0].type          == Whois::Parser::Contact::TYPE_ADMINISTRATIVE
  %s[0].id            == "REDACTED FOR PRIVACY"
  %s[0].name          == "REDACTED FOR PRIVACY"
  %s[0].organization  == "REDACTED FOR PRIVACY"
  %s[0].address       == "REDACTED FOR PRIVACY"
  %s[0].city          == "REDACTED FOR PRIVACY"
  %s[0].zip           == "REDACTED FOR PRIVACY"
  %s[0].state         == "REDACTED FOR PRIVACY"
  %s[0].country_code  == "REDACTED FOR PRIVACY"
  %s[0].phone         == "REDACTED FOR PRIVACY ext: REDACTED FOR PRIVACY"
  %s[0].fax           == "REDACTED FOR PRIVACY ext: REDACTED FOR PRIVACY"
  %s[0].email         == "Please query the RDDS service of the Registrar of Record identified in this output for information on how to contact the Registrant, Admin, or Tech contact of the queried domain name."

#technical_contacts
  %s %CLASS{array}
  %s %SIZE{1}
  %s[0] %CLASS{contact}
  %s[0].type          == Whois::Parser::Contact::TYPE_TECHNICAL
  %s[0].id            == "REDACTED FOR PRIVACY"
  %s[0].name          == "REDACTED FOR PRIVACY"
  %s[0].organization  == "REDACTED FOR PRIVACY"
  %s[0].address       == "REDACTED FOR PRIVACY"
  %s[0].city          == "REDACTED FOR PRIVACY"
  %s[0].zip           == "REDACTED FOR PRIVACY"
  %s[0].state         == "REDACTED FOR PRIVACY"
  %s[0].country_code  == "REDACTED FOR PRIVACY"
  %s[0].phone         == "REDACTED FOR PRIVACY ext: REDACTED FOR PRIVACY"
  %s[0].fax           == "REDACTED FOR PRIVACY ext: REDACTED FOR PRIVACY"
  %s[0].email         == "Please query the RDDS service of the Registrar of Record identified in this output for information on how to contact the Registrant, Admin, or Tech contact of the queried domain name."


#nameservers
  %s %CLASS{array}
  %s %SIZE{4}
  %s[0] %CLASS{nameserver}
  %s[0].name == "ns-1501.awsdns-59.org"
  %s[1] %CLASS{nameserver}
  %s[1].name == "ns-380.awsdns-47.com"
  %s[2] %CLASS{nameserver}
  %s[2].name == "ns-811.awsdns-37.net"
  %s[3] %CLASS{nameserver}
  %s[3].name == "ns-1597.awsdns-07.co.uk"
